// Jest Snapshot v1, https://goo.gl/fbAQLP

exports[`Login form component 1`] = `
<form
  className="mx-auto self-center md:w-4/6 w-full p-20 grid grid-cols-1 gap-8 rounded overflow-hidden border-4 border-light-blue-500 border-opacity-25 shadow-lg"
  onSubmit={[Function]}
>
  <h1
    className="mx-auto uppercase text-purple-500 font-bold"
  >
     Haligonia Dance Academy 
  </h1>
  <h2>
     Enter Login Information: 
  </h2>
  <div
    className="grid grid-cols-1 gap-3"
  >
    <label
      htmlFor="emailID"
    >
       
      Enter your Email ID
       
    </label>
    <input
      className="border-2 h-10 p-2"
      id="emailID"
      name="emailID"
      onBlur={[Function]}
      onChange={[Function]}
      type="text"
    />
  </div>
  <div
    className="grid grid-cols-1 gap-3"
  >
    <label
      htmlFor="password"
    >
       
      Enter your Password
       
    </label>
    <input
      className="border-2 h-10 p-2"
      id="password"
      name="password"
      onBlur={[Function]}
      onChange={[Function]}
      type="password"
    />
  </div>
  <button
    className="bg-transparent hover:bg-blue-500 text-blue-700 font-semibold hover:text-white py-2 px-4 border border-blue-500 hover:border-transparent rounded"
    type="submit"
  >
     
     Continue 
     
  </button>
</form>
`;
